% \[\d+\] Background process is created
% \[\d+\] Latest background process is running
% 
